[storage.y8.com/y8-studio/unity/joll/slope/index2322.html]
[backblue.gif]
[fade.gif]
[index.html]
[storage.y8.com/y8-studio/unity/config/TemplateData56/style.css]
[storage.y8.com/y8-studio/unity/config/shared/style.css]
[storage.y8.com/y8-studio/unity/config/shared/gamebreak/gamebreak.css]
[storage.y8.com/y8-studio/unity/config/shared/lib.js]
[storage.y8.com/y8-studio/unity/config/shared/browser_detector.js]
[storage.y8.com/y8-studio/unity/config/shared/sound_enabler.js]
[storage.y8.com/y8-studio/unity/config/shared/metrika.js]
[storage.y8.com/y8-studio/unity/config/shared/gamebreak/gamebreak.js]
[storage.y8.com/y8-studio/unity/config/TemplateData56/game.js]
[storage.y8.com/y8-studio/unity/config/TemplateData56/UnityProgress.js]
[storage.y8.com/y8-studio/unity/joll/slope/index2322.html]
[storage.y8.com/y8-studio/unity/joll/slope/Build/UnityLoader.js]
[storage.y8.com/y8-studio/unity/config/TemplateData56/logo.png]
[storage.y8.com/y8-studio/unity/config/TemplateData56/progressEmpty.Light.png]
[storage.y8.com/y8-studio/unity/config/TemplateData56/progressFull.Light.png]
[storage.y8.com/config/TemplateData/y8-logo.png]
[storage.y8.com/y8-studio/unity/config/TemplateData56/webgl-logo.png]
[storage.y8.com/y8-studio/unity/config/TemplateData56/fullscreen.png]
[storage.y8.com/y8-studio/unity/config/TemplateData56/unity-enable.png]
[storage.y8.com/y8-studio/unity/config/TemplateData56/unity-disable.png]
[storage.y8.com/y8-studio/unity/config/TemplateData56/webgl-enable.png]
[storage.y8.com/y8-studio/unity/config/TemplateData56/webgl-disable.png]
[storage.y8.com/y8-studio/unity/config/TemplateData56/maximize-icon.png]
[storage.y8.com/y8-studio/unity/config/TemplateData56/style.css]
[storage.y8.com/y8-studio/unity/config/shared/style.css]
[storage.y8.com/y8-studio/unity/config/shared/gamebreak/gamebreak.css]
